// Jest Snapshot v1, https://goo.gl/fbAQLP

exports[`No race conditions - works many times out of sync - c - 1 -- 0`] = `{"results":22}`;

exports[`No race conditions - works many times out of sync - c - 2 -- 0`] = `{"results":22}`;

exports[`No race conditions - works many times out of sync - c - 3 -- 0`] = `{"results":22}`;

exports[`No race conditions - works many times out of sync - c - 4 -- 0`] = `{"results":22}`;

exports[`No race conditions - works many times out of sync - c - 5 -- 0`] = `{"results":22}`;

exports[`No race conditions - works many times out of sync - c - 6 -- 0`] = `{"results":22}`;

exports[`No race conditions - works many times out of sync - c - 7 -- 0`] = `{"results":22}`;

exports[`No race conditions - works many times out of sync - c - 8 -- 0`] = `{"results":22}`;

exports[`No race conditions - works many times out of sync - c - 9 -- 0`] = `{"results":22}`;

exports[`No race conditions - works many times out of sync - c - 10 -- 0`] = `{"results":22}`;

exports[`calls run and update with updateSnapshot and SLAPSHOT_ONLINE - d -- 0`] = `{"results":{"foo":"foo"}}`;

exports[`calls run but dont update with SLAPSHOT_ONLINE - d -- 0`] = `{"results":{"foo":"bar","method":"[UNMOCKED-UNSNAPSHOTTED-FUNCTION]"}}`;

exports[`calls run still in unit tests with just updateSnapshot - d -- 0`] = `{"results":{"foo":"bar"}}`;

exports[`calls thunk on first run - a -- 0`] = `{"results":{"foo":"bar"}}`;

exports[`consoles error of non-matching snap when validateSnapshot is not set - c -- 0`] = `{"results":22,"thrownError":null}`;

exports[`deffers to validateSnapshot to validate snapshot when validateSnapshot is a funtion - c -- 0`] = `{"results":22,"thrownError":null}`;

exports[`does not break toMatchSnapshot - c -- 0`] = `{"results":22,"thrownError":null}`;

exports[`does not break toMatchSnapshot: some dumb snapshot 1`] = `22`;

exports[`nested APIs with functions throw an error when called unless mocked manualy - complex -- 0`] = `{"results":{"foo":"bar","method":"[UNMOCKED-UNSNAPSHOTTED-FUNCTION]"}}`;

exports[`resolves from disk on 2nd hit - c -- 0`] = `{"results":{"foo":"bar"}}`;

exports[`thrown errors are replayed - error -- 0`] = `{"results":null,"thrownError":"{\\"type\\":\\"Error\\",\\"message\\":\\"foo\\",\\"name\\":\\"Error\\",\\"stack\\":\\"Error: foo\\\\n    at memorize_1.memorize (/home/coder/projects/slapshot/src/memorize.test.ts:279:13)\\\\n    at Object.memorize (/home/coder/projects/slapshot/src/memorize.ts:62:29)\\\\n    at expect (/home/coder/projects/slapshot/src/memorize.test.ts:278:5)\\\\n    at Object.<anonymous> (/home/coder/projects/slapshot/node_modules/expect/build/toThrowMatchers.js:81:11)\\\\n    at Object.throwingMatcher [as toThrowError] (/home/coder/projects/slapshot/node_modules/expect/build/index.js:342:33)\\\\n    at /home/coder/projects/slapshot/src/memorize.test.ts:281:6\\\\n    at Generator.next (<anonymous>)\\\\n    at /home/coder/projects/slapshot/node_modules/tslib/tslib.js:110:75\\\\n    at new Promise (<anonymous>)\\\\n    at Object.__awaiter (/home/coder/projects/slapshot/node_modules/tslib/tslib.js:106:16)\\\\n    at Object.<anonymous>.test (/home/coder/projects/slapshot/src/memorize.test.ts:272:47)\\\\n    at Object.asyncJestTest (/home/coder/projects/slapshot/node_modules/jest-jasmine2/build/jasmineAsyncInstall.js:102:37)\\\\n    at resolve (/home/coder/projects/slapshot/node_modules/jest-jasmine2/build/queueRunner.js:43:12)\\\\n    at new Promise (<anonymous>)\\\\n    at mapper (/home/coder/projects/slapshot/node_modules/jest-jasmine2/build/queueRunner.js:26:19)\\\\n    at promise.then (/home/coder/projects/slapshot/node_modules/jest-jasmine2/build/queueRunner.js:73:41)\\"}"}`;

exports[`thrown errors are replayed with custom properties - error -- 0`] = `{"results":null,"thrownError":"{\\"type\\":\\"Error\\",\\"message\\":\\"foo\\",\\"name\\":\\"Error\\",\\"stack\\":\\"Error: foo\\\\n    at memorize_1.memorize (/home/coder/projects/slapshot/src/memorize.test.ts:307:13)\\\\n    at Object.memorize (/home/coder/projects/slapshot/src/memorize.ts:62:29)\\\\n    at expect (/home/coder/projects/slapshot/src/memorize.test.ts:306:5)\\\\n    at Object.<anonymous> (/home/coder/projects/slapshot/node_modules/expect/build/toThrowMatchers.js:81:11)\\\\n    at Object.throwingMatcher [as toThrowError] (/home/coder/projects/slapshot/node_modules/expect/build/index.js:342:33)\\\\n    at /home/coder/projects/slapshot/src/memorize.test.ts:309:6\\\\n    at Generator.next (<anonymous>)\\\\n    at /home/coder/projects/slapshot/node_modules/tslib/tslib.js:110:75\\\\n    at new Promise (<anonymous>)\\\\n    at Object.__awaiter (/home/coder/projects/slapshot/node_modules/tslib/tslib.js:106:16)\\\\n    at Object.<anonymous>.test (/home/coder/projects/slapshot/src/memorize.test.ts:292:70)\\\\n    at Object.asyncJestTest (/home/coder/projects/slapshot/node_modules/jest-jasmine2/build/jasmineAsyncInstall.js:102:37)\\\\n    at resolve (/home/coder/projects/slapshot/node_modules/jest-jasmine2/build/queueRunner.js:43:12)\\\\n    at new Promise (<anonymous>)\\\\n    at mapper (/home/coder/projects/slapshot/node_modules/jest-jasmine2/build/queueRunner.js:26:19)\\\\n    at promise.then (/home/coder/projects/slapshot/node_modules/jest-jasmine2/build/queueRunner.js:73:41)\\",\\"customProp\\":\\"bar\\"}"}`;

exports[`throws error of non-matching snap when validateSnapshot is set to true - validateSnapshot -- 0`] = `{"results":22,"thrownError":null}`;

exports[`works with JSON string in memorize name - JSON - {"foo":"dog"} -- 0`] = `{"results":{"foo":"bar"}}`;

exports[`works with array value - c -- 0`] = `{"results":[1,2,3],"thrownError":null}`;

exports[`works with null value - c -- 0`] = `{"results":null,"thrownError":null}`;

exports[`works with strings and numbers - c -- 0`] = `{"results":22,"thrownError":null}`;

exports[`works with undefined value - c -- 0`] = `{"thrownError":null}`;

exports[`writes a __snapshot__ file to disk - b -- 0`] = `{"results":{"foo":"bar"}}`;
